// Jest Snapshot v1, https://goo.gl/fbAQLP

exports[`MyComponent renders correctly 1`] = `
<section
  class="py-8 bg-ct-black-600 min-h-screen grid place-items-center"
>
  <div
    class="w-full"
  >
    <h1
      class="text-4xl xl:text-6xl text-center font-[600] text-ct-black-600 mb-4"
    >
      SIGN UP
    </h1>
    <form
      class="max-w-md w-full mx-auto overflow-hidden shadow-lg bg-ct-dark-200 squared-2x2 p-8 space-y-5"
    >
      <div
        class="my-3"
      >
        <label
          class="block text-gray-600 mb-1 font-medium"
          for="name"
        >
          Full Name
        </label>
        <input
          class="block w-full py-2 px-4 rounded-md bg-gray-100 border-transparent focus:outline-none focus:ring-2 focus:ring-blue-500 focus:bg-white focus:border-transparent"
          id="name"
          name="name"
          placeholder=""
          type="text"
        />
      </div>
      <div
        class="my-3"
      >
        <label
          class="block text-gray-600 mb-1 font-medium"
          for="email"
        >
          Email
        </label>
        <input
          class="block w-full py-2 px-4 rounded-md bg-gray-100 border-transparent focus:outline-none focus:ring-2 focus:ring-blue-500 focus:bg-white focus:border-transparent"
          id="email"
          name="email"
          placeholder=""
          type="email"
        />
      </div>
      <div
        class="my-3"
      >
        <label
          class="block text-gray-600 mb-1 font-medium"
          for="password"
        >
          Password
        </label>
        <input
          class="block w-full py-2 px-4 rounded-md bg-gray-100 border-transparent focus:outline-none focus:ring-2 focus:ring-blue-500 focus:bg-white focus:border-transparent"
          id="password"
          name="password"
          placeholder=""
          type="password"
        />
      </div>
      <div
        class="my-3"
      >
        <label
          class="block text-gray-600 mb-1 font-medium"
          for="passwordConfirm"
        >
          Confirm Password
        </label>
        <input
          class="block w-full py-2 px-4 rounded-md bg-gray-100 border-transparent focus:outline-none focus:ring-2 focus:ring-blue-500 focus:bg-white focus:border-transparent"
          id="passwordConfirm"
          name="passwordConfirm"
          placeholder=""
          type="password"
        />
      </div>
      <span
        class="block"
      >
        Existing User?
         
        <a
          class="text-ct-blue-600"
          href="/login"
        >
          Login Here
        </a>
      </span>
      <button
        class="w-full py-3 font-semibold rounded-lg outline-none border-none flex justify-center ct-black-600 false"
        type="submit"
      >
        <span>
          Sign up
        </span>
      </button>
    </form>
  </div>
</section>
`;

exports[`Testing rendering for RegisterForm Page renders correctly 1`] = `
<section
  class="py-8 bg-ct-black-600 min-h-screen grid place-items-center"
>
  <div
    class="w-full"
  >
    <h1
      class="text-4xl xl:text-6xl text-center font-[600] text-ct-black-600 mb-4"
    >
      SIGN UP
    </h1>
    <form
      class="max-w-md w-full mx-auto overflow-hidden shadow-lg bg-ct-dark-200 squared-2x2 p-8 space-y-5"
    >
      <div
        class="my-3"
      >
        <label
          class="block text-gray-600 mb-1 font-medium"
          for="name"
        >
          Full Name
        </label>
        <input
          class="block w-full py-2 px-4 rounded-md bg-gray-100 border-transparent focus:outline-none focus:ring-2 focus:ring-blue-500 focus:bg-white focus:border-transparent"
          id="name"
          name="name"
          placeholder=""
          type="text"
        />
      </div>
      <div
        class="my-3"
      >
        <label
          class="block text-gray-600 mb-1 font-medium"
          for="email"
        >
          Email
        </label>
        <input
          class="block w-full py-2 px-4 rounded-md bg-gray-100 border-transparent focus:outline-none focus:ring-2 focus:ring-blue-500 focus:bg-white focus:border-transparent"
          id="email"
          name="email"
          placeholder=""
          type="email"
        />
      </div>
      <div
        class="my-3"
      >
        <label
          class="block text-gray-600 mb-1 font-medium"
          for="password"
        >
          Password
        </label>
        <input
          class="block w-full py-2 px-4 rounded-md bg-gray-100 border-transparent focus:outline-none focus:ring-2 focus:ring-blue-500 focus:bg-white focus:border-transparent"
          id="password"
          name="password"
          placeholder=""
          type="password"
        />
      </div>
      <div
        class="my-3"
      >
        <label
          class="block text-gray-600 mb-1 font-medium"
          for="passwordConfirm"
        >
          Confirm Password
        </label>
        <input
          class="block w-full py-2 px-4 rounded-md bg-gray-100 border-transparent focus:outline-none focus:ring-2 focus:ring-blue-500 focus:bg-white focus:border-transparent"
          id="passwordConfirm"
          name="passwordConfirm"
          placeholder=""
          type="password"
        />
      </div>
      <span
        class="block"
      >
        Existing User?
         
        <a
          class="text-ct-blue-600"
          href="/login"
        >
          Login Here
        </a>
      </span>
      <button
        class="w-full py-3 font-semibold rounded-lg outline-none border-none flex justify-center ct-black-600 false"
        type="submit"
      >
        <span>
          Sign up
        </span>
      </button>
    </form>
  </div>
</section>
`;
